interactions:
- request:
    body: null
    headers:
      Accept:
      - '*/*'
      Accept-Encoding:
      - gzip, deflate
      Connection:
      - keep-alive
      Content-Type:
      - application/json
      User-Agent:
      - python-requests/2.25.1
    method: GET
    uri: https://api.datadoghq.com/api/v1/synthetics/variables
  response:
    body:
      string: '{"variables":[{"parse_test_options":null,"parse_test_extracted_at":null,"description":"test","tags":["check_type:api"],"created_at":"2021-06-03T18:18:16.703730+00:00","is_totp":null,"modified_at":"2021-06-03T18:36:04.287393+00:00","value":{"secure":false,"value":"TESTVALUELETSSEEdadsddsadsadadsadsad"},"parse_test_public_id":null,"parse_test_name":null,"created_by":"Sherzod
        Karimov","type":"variable","id":"7478e601-cbe3-4a7d-babf-d48702b6b833","name":"TEST_VARIABLE"},{"parse_test_options":null,"parse_test_extracted_at":null,"description":"Description
        of the variable","tags":["foo:bar","env:test"],"created_at":"2021-06-08T18:26:23.679434+00:00","is_totp":null,"modified_at":"2021-06-08T18:26:23.679434+00:00","value":{"secure":false,"value":"variable-value"},"parse_test_public_id":null,"parse_test_name":null,"created_by":"Sherzod
        Karimov","type":"variable","id":"7dfd62d2-e1bf-466d-b47b-f337d4a82877","name":"EXAMPLE_VARIABLE"},{"parse_test_options":null,"parse_test_extracted_at":null,"description":"test","tags":[],"created_at":"2021-06-03T18:38:06.646796+00:00","is_totp":null,"modified_at":"2021-06-03T18:38:06.646796+00:00","value":{"secure":false,"value":"test"},"parse_test_public_id":null,"parse_test_name":null,"created_by":"Sherzod
        Karimov","type":"variable","id":"971dc27b-9b1e-4d21-80f5-cbc6cb485e4f","name":"TEST"}]}'
    headers:
      Connection:
      - keep-alive
      Content-Type:
      - application/json
      Date:
      - Wed, 07 Jul 2021 16:30:48 GMT
      Transfer-Encoding:
      - chunked
      cache-control:
      - no-cache
      content-length:
      - '1337'
      content-security-policy:
      - frame-ancestors 'self'; report-uri https://api.datadoghq.com/csp-report
      pragma:
      - no-cache
      strict-transport-security:
      - max-age=15724800;
      vary:
      - Accept-Encoding
      x-content-type-options:
      - nosniff
      x-dd-debug:
      - /L+SFFO+m1pPY+hRCpk5325fvfrNl0KmiquUNJolBN/5hu3HIwflqjZSbJ6NxDFG
      x-frame-options:
      - SAMEORIGIN
      x-ratelimit-limit:
      - '120'
      x-ratelimit-period:
      - '60'
      x-ratelimit-remaining:
      - '117'
      x-ratelimit-reset:
      - '12'
    status:
      code: 200
      message: OK
- request:
    body: null
    headers:
      Accept:
      - '*/*'
      Accept-Encoding:
      - gzip, deflate
      Connection:
      - keep-alive
      Content-Type:
      - application/json
      User-Agent:
      - python-requests/2.25.1
    method: GET
    uri: https://api.datadoghq.eu/api/v1/synthetics/variables
  response:
    body:
      string: '{"variables":[{"parse_test_options":null,"parse_test_extracted_at":null,"description":"test","tags":[],"created_at":"2021-07-07T16:29:38.772991+00:00","is_totp":null,"modified_at":"2021-07-07T16:29:38.772991+00:00","value":{"secure":false,"value":"test"},"parse_test_public_id":null,"parse_test_name":null,"created_by":null,"type":"variable","id":"c9c8e065-ea6f-40f6-bb04-0b6e1ee6fe18","name":"TEST"}]}'
    headers:
      Alt-Svc:
      - clear
      Transfer-Encoding:
      - chunked
      Via:
      - 1.1 google
      cache-control:
      - no-cache
      content-length:
      - '402'
      content-security-policy:
      - frame-ancestors 'self'; report-uri https://api.datadoghq.eu/csp-report
      content-type:
      - application/json
      date:
      - Wed, 07 Jul 2021 16:30:48 GMT
      pragma:
      - no-cache
      strict-transport-security:
      - max-age=15724800;
      vary:
      - Accept-Encoding
      x-content-type-options:
      - nosniff
      x-frame-options:
      - SAMEORIGIN
      x-ratelimit-limit:
      - '120'
      x-ratelimit-period:
      - '60'
      x-ratelimit-remaining:
      - '119'
      x-ratelimit-reset:
      - '12'
    status:
      code: 200
      message: OK
- request:
    body: '{"description": "test", "tags": ["check_type:api"], "value": {"secure":
      false, "value": "TESTVALUELETSSEEdadsddsadsadadsadsad"}, "type": "variable",
      "name": "TEST_VARIABLE"}'
    headers:
      Accept:
      - '*/*'
      Accept-Encoding:
      - gzip, deflate
      Connection:
      - keep-alive
      Content-Length:
      - '173'
      Content-Type:
      - application/json
      User-Agent:
      - python-requests/2.25.1
    method: POST
    uri: https://api.datadoghq.eu/api/v1/synthetics/variables
  response:
    body:
      string: '{"parse_test_options":null,"parse_test_extracted_at":null,"description":"test","tags":["check_type:api"],"is_totp":null,"value":{"secure":false,"value":"TESTVALUELETSSEEdadsddsadsadadsadsad"},"parse_test_public_id":null,"parse_test_name":null,"type":"variable","id":"b52b1e3d-d962-4333-afed-23f41ff10f3a","name":"TEST_VARIABLE"}'
    headers:
      Alt-Svc:
      - clear
      Transfer-Encoding:
      - chunked
      Via:
      - 1.1 google
      cache-control:
      - no-cache
      content-length:
      - '328'
      content-security-policy:
      - frame-ancestors 'self'; report-uri https://api.datadoghq.eu/csp-report
      content-type:
      - application/json
      date:
      - Wed, 07 Jul 2021 16:30:48 GMT
      pragma:
      - no-cache
      strict-transport-security:
      - max-age=15724800;
      vary:
      - Accept-Encoding
      x-content-type-options:
      - nosniff
      x-frame-options:
      - SAMEORIGIN
      x-ratelimit-limit:
      - '120'
      x-ratelimit-period:
      - '60'
      x-ratelimit-remaining:
      - '119'
      x-ratelimit-reset:
      - '12'
    status:
      code: 200
      message: OK
- request:
    body: null
    headers:
      Accept:
      - '*/*'
      Accept-Encoding:
      - gzip, deflate
      Connection:
      - keep-alive
      Content-Type:
      - application/json
      User-Agent:
      - python-requests/2.25.1
    method: GET
    uri: https://api.datadoghq.eu/api/v1/synthetics/variables
  response:
    body:
      string: '{"variables":[{"parse_test_options":null,"parse_test_extracted_at":null,"description":"Description
        of the variable","tags":["foo:bar","env:test"],"created_at":"2021-07-07T16:30:48.652141+00:00","is_totp":null,"modified_at":"2021-07-07T16:30:48.652141+00:00","value":{"secure":false,"value":"variable-value"},"parse_test_public_id":null,"parse_test_name":null,"created_by":null,"type":"variable","id":"0f616355-f8a0-47ec-9859-f5cdc86935c8","name":"EXAMPLE_VARIABLE"},{"parse_test_options":null,"parse_test_extracted_at":null,"description":"test","tags":["check_type:api"],"created_at":"2021-07-07T16:30:48.616825+00:00","is_totp":null,"modified_at":"2021-07-07T16:30:48.616825+00:00","value":{"secure":false,"value":"TESTVALUELETSSEEdadsddsadsadadsadsad"},"parse_test_public_id":null,"parse_test_name":null,"created_by":null,"type":"variable","id":"b52b1e3d-d962-4333-afed-23f41ff10f3a","name":"TEST_VARIABLE"},{"parse_test_options":null,"parse_test_extracted_at":null,"description":"test","tags":[],"created_at":"2021-07-07T16:29:38.772991+00:00","is_totp":null,"modified_at":"2021-07-07T16:29:38.772991+00:00","value":{"secure":false,"value":"test"},"parse_test_public_id":null,"parse_test_name":null,"created_by":null,"type":"variable","id":"c9c8e065-ea6f-40f6-bb04-0b6e1ee6fe18","name":"TEST"}]}'
    headers:
      Alt-Svc:
      - clear
      Transfer-Encoding:
      - chunked
      Via:
      - 1.1 google
      cache-control:
      - no-cache
      content-length:
      - '1298'
      content-security-policy:
      - frame-ancestors 'self'; report-uri https://api.datadoghq.eu/csp-report
      content-type:
      - application/json
      date:
      - Wed, 07 Jul 2021 16:30:48 GMT
      pragma:
      - no-cache
      strict-transport-security:
      - max-age=15724800;
      vary:
      - Accept-Encoding
      x-content-type-options:
      - nosniff
      x-frame-options:
      - SAMEORIGIN
      x-ratelimit-limit:
      - '120'
      x-ratelimit-period:
      - '60'
      x-ratelimit-remaining:
      - '118'
      x-ratelimit-reset:
      - '12'
    status:
      code: 200
      message: OK
version: 1
