interactions:
- request:
    body: null
    headers:
      Accept:
      - '*/*'
      Accept-Encoding:
      - gzip, deflate
      Connection:
      - keep-alive
      Content-Type:
      - application/json
      User-Agent:
      - datadog-sync-cli/0.0.1 (python 3.9.1; os darwin; arch x86_64)
    method: GET
    uri: https://api.datadoghq.eu/api/v1/synthetics/variables
  response:
    body:
      string: '{"variables": []}'
    headers:
      Alt-Svc:
      - clear
      Via:
      - 1.1 google
      cache-control:
      - no-cache
      content-length:
      - '16'
      content-security-policy:
      - frame-ancestors 'self'; report-uri https://api.datadoghq.eu/csp-report
      content-type:
      - application/json
      date:
      - Fri, 30 Jul 2021 15:20:48 GMT
      pragma:
      - no-cache
      x-content-type-options:
      - nosniff
      x-frame-options:
      - SAMEORIGIN
      x-ratelimit-limit:
      - '12000'
      x-ratelimit-period:
      - '60'
      x-ratelimit-remaining:
      - '11999'
      x-ratelimit-reset:
      - '12'
    status:
      code: 200
      message: OK
- request:
    body: '{"description": "test", "tags": ["check_type:api"], "value": {"secure":
      false, "value": "TESTVALUELETSSEEdadsddsadsadadsadsad"}, "type": "variable",
      "name": "TEST_VARIABLE"}'
    headers:
      Accept:
      - '*/*'
      Accept-Encoding:
      - gzip, deflate
      Connection:
      - keep-alive
      Content-Length:
      - '173'
      Content-Type:
      - application/json
      User-Agent:
      - datadog-sync-cli/0.0.1 (python 3.9.1; os darwin; arch x86_64)
    method: POST
    uri: https://api.datadoghq.eu/api/v1/synthetics/variables
  response:
    body:
      string: '{"parse_test_options": null, "parse_test_extracted_at": null, "description":
        "test", "tags": ["check_type:api"], "is_totp": null, "value": {"secure": false,
        "value": "TESTVALUELETSSEEdadsddsadsadadsadsad"}, "parse_test_public_id":
        null, "parse_test_name": null, "type": "variable", "id": "dee6b949-8b33-4952-8d4b-681585516563",
        "name": "TEST_VARIABLE"}'
    headers:
      Alt-Svc:
      - clear
      Transfer-Encoding:
      - chunked
      Via:
      - 1.1 google
      cache-control:
      - no-cache
      content-length:
      - '328'
      content-security-policy:
      - frame-ancestors 'self'; report-uri https://api.datadoghq.eu/csp-report
      content-type:
      - application/json
      date:
      - Fri, 30 Jul 2021 15:20:48 GMT
      pragma:
      - no-cache
      vary:
      - Accept-Encoding
      x-content-type-options:
      - nosniff
      x-frame-options:
      - SAMEORIGIN
      x-ratelimit-limit:
      - '12000'
      x-ratelimit-period:
      - '60'
      x-ratelimit-remaining:
      - '11999'
      x-ratelimit-reset:
      - '12'
    status:
      code: 200
      message: OK
- request:
    body: '{"description": "Description of the variable", "tags": ["foo:bar", "env:test"],
      "value": {"secure": false, "value": "variable-value"}, "type": "variable", "name":
      "EXAMPLE_VARIABLE"}'
    headers:
      Accept:
      - '*/*'
      Accept-Encoding:
      - gzip, deflate
      Connection:
      - keep-alive
      Content-Length:
      - '182'
      Content-Type:
      - application/json
      User-Agent:
      - datadog-sync-cli/0.0.1 (python 3.9.1; os darwin; arch x86_64)
    method: POST
    uri: https://api.datadoghq.eu/api/v1/synthetics/variables
  response:
    body:
      string: '{"parse_test_options": null, "parse_test_extracted_at": null, "description":
        "Description of the variable", "tags": ["foo:bar", "env:test"], "is_totp":
        null, "value": {"secure": false, "value": "variable-value"}, "parse_test_public_id":
        null, "parse_test_name": null, "type": "variable", "id": "9a0dedf1-9a39-4193-aa80-364d70148448",
        "name": "EXAMPLE_VARIABLE"}'
    headers:
      Alt-Svc:
      - clear
      Transfer-Encoding:
      - chunked
      Via:
      - 1.1 google
      cache-control:
      - no-cache
      content-length:
      - '336'
      content-security-policy:
      - frame-ancestors 'self'; report-uri https://api.datadoghq.eu/csp-report
      content-type:
      - application/json
      date:
      - Fri, 30 Jul 2021 15:20:48 GMT
      pragma:
      - no-cache
      vary:
      - Accept-Encoding
      x-content-type-options:
      - nosniff
      x-frame-options:
      - SAMEORIGIN
      x-ratelimit-limit:
      - '12000'
      x-ratelimit-period:
      - '60'
      x-ratelimit-remaining:
      - '11998'
      x-ratelimit-reset:
      - '12'
    status:
      code: 200
      message: OK
- request:
    body: '{"description": "test", "tags": [], "value": {"secure": false, "value":
      "test"}, "type": "variable", "name": "TEST"}'
    headers:
      Accept:
      - '*/*'
      Accept-Encoding:
      - gzip, deflate
      Connection:
      - keep-alive
      Content-Length:
      - '116'
      Content-Type:
      - application/json
      User-Agent:
      - datadog-sync-cli/0.0.1 (python 3.9.1; os darwin; arch x86_64)
    method: POST
    uri: https://api.datadoghq.eu/api/v1/synthetics/variables
  response:
    body:
      string: '{"parse_test_options": null, "parse_test_extracted_at": null, "description":
        "test", "tags": [], "is_totp": null, "value": {"secure": false, "value": "test"},
        "parse_test_public_id": null, "parse_test_name": null, "type": "variable",
        "id": "c602a81d-92dc-497d-b105-d5cfbe172670", "name": "TEST"}'
    headers:
      Alt-Svc:
      - clear
      Transfer-Encoding:
      - chunked
      Via:
      - 1.1 google
      cache-control:
      - no-cache
      content-length:
      - '271'
      content-security-policy:
      - frame-ancestors 'self'; report-uri https://api.datadoghq.eu/csp-report
      content-type:
      - application/json
      date:
      - Fri, 30 Jul 2021 15:20:49 GMT
      pragma:
      - no-cache
      vary:
      - Accept-Encoding
      x-content-type-options:
      - nosniff
      x-frame-options:
      - SAMEORIGIN
      x-ratelimit-limit:
      - '12000'
      x-ratelimit-period:
      - '60'
      x-ratelimit-remaining:
      - '11997'
      x-ratelimit-reset:
      - '11'
    status:
      code: 200
      message: OK
version: 1
