interactions:
- request:
    body: null
    headers:
      Accept:
      - '*/*'
      Accept-Encoding:
      - gzip, deflate
      Content-Type:
      - application/json
    method: DELETE
    uri: https://api.datadoghq.eu/api/v1/synthetics/variables/6dd88d26-025e-487b-a4ee-7d89095da053
  response:
    body:
      string: ''
    headers: {}
    status:
      code: 200
      message: OK
- request:
    body: null
    headers:
      Accept:
      - '*/*'
      Accept-Encoding:
      - gzip, deflate
      Content-Type:
      - application/json
    method: DELETE
    uri: https://api.datadoghq.eu/api/v1/synthetics/variables/d285e476-9bcf-4e38-9170-669fe02f566d
  response:
    body:
      string: ''
    headers: {}
    status:
      code: 200
      message: OK
- request:
    body: null
    headers:
      Accept:
      - '*/*'
      Accept-Encoding:
      - gzip, deflate
      Content-Type:
      - application/json
    method: DELETE
    uri: https://api.datadoghq.eu/api/v1/synthetics/variables/a3459eb2-dde9-4410-a3a7-efe720266d6e
  response:
    body:
      string: ''
    headers: {}
    status:
      code: 200
      message: OK
- request:
    body: null
    headers:
      Accept:
      - '*/*'
      Accept-Encoding:
      - gzip, deflate
      Content-Type:
      - application/json
    method: DELETE
    uri: https://api.datadoghq.eu/api/v1/synthetics/variables/19e07157-7eb2-47e6-b2b4-b6102252636b
  response:
    body:
      string: ''
    headers: {}
    status:
      code: 200
      message: OK
- request:
    body: null
    headers:
      Accept:
      - '*/*'
      Accept-Encoding:
      - gzip, deflate
      Content-Type:
      - application/json
    method: DELETE
    uri: https://api.datadoghq.eu/api/v1/synthetics/variables/06bf2ade-d3b3-4b8e-b7c7-d1d1ac0a06c6
  response:
    body:
      string: ''
    headers: {}
    status:
      code: 200
      message: OK
- request:
    body: null
    headers:
      Accept:
      - '*/*'
      Accept-Encoding:
      - gzip, deflate
      Content-Type:
      - application/json
    method: DELETE
    uri: https://api.datadoghq.eu/api/v1/synthetics/variables/dc4ba821-6de8-4317-9eaa-51120e978e73
  response:
    body:
      string: ''
    headers: {}
    status:
      code: 200
      message: OK
version: 1
