interactions:
- request:
    body: '{"type": "query alert", "name": "Composite monitor - Child 2updated", "message":
      "Test monitor ----------------", "tags": ["test:foo", "test_two:bar"], "query":
      "avg(last_5m):avg:datadog.estimated_usage.hosts{*} > 50", "options": {"thresholds":
      {"critical": 50.0}, "notify_audit": false, "require_full_window": true, "notify_no_data":
      false, "renotify_interval": 0, "timeout_h": 0, "include_tags": true, "no_data_timeframe":
      null, "escalation_message": "", "new_host_delay": 300, "silenced": {}}, "multi":
      false, "restricted_roles": null, "priority": null}'
    headers:
      Accept:
      - '*/*'
      Accept-Encoding:
      - gzip, deflate
      Content-Type:
      - application/json
      traceparent:
      - 00-00000000000000008fe6ebb90b056c8a-68f60669cca864e6-01
      tracestate:
      - dd=s:1;t.dm:-0
      x-datadog-parent-id:
      - '7563239675690247398'
      x-datadog-sampling-priority:
      - '1'
      x-datadog-tags:
      - _dd.p.dm=-0
      x-datadog-trace-id:
      - '10369234372053527690'
    method: PUT
    uri: https://api.datadoghq.eu/api/v1/monitor/12742268
  response:
    body:
      string: '{"id": 12742268, "org_id": 1000044987, "type": "query alert", "name":
        "Composite monitor - Child 2updated", "message": "Test monitor ----------------",
        "tags": ["test:foo", "test_two:bar"], "query": "avg(last_5m):avg:datadog.estimated_usage.hosts{*}
        > 50", "options": {"thresholds": {"critical": 50.0}, "notify_audit": false,
        "require_full_window": true, "notify_no_data": false, "renotify_interval":
        0, "timeout_h": 0, "include_tags": true, "no_data_timeframe": null, "escalation_message":
        "", "new_host_delay": 300, "silenced": {}}, "multi": false, "created_at":
        1692886183000, "created": "2023-08-24T14:09:43.344213+00:00", "modified":
        "2023-08-24T14:09:46.461604+00:00", "deleted": null, "restricted_roles": null,
        "priority": null, "overall_state_modified": null, "overall_state": "No Data"}'
    headers: {}
    status:
      code: 200
      message: OK
- request:
    body: '{"type": "query alert", "name": "Composite monitor - child 1updated", "message":
      "Composite monitor - child 1", "tags": ["test:foo"], "query": "avg(last_5m):avg:dd.dialtone.historical.metrics{*}
      > 20", "options": {"thresholds": {"critical": 20.0, "warning": 10.0}, "notify_audit":
      false, "require_full_window": true, "notify_no_data": false, "renotify_interval":
      1440, "timeout_h": 0, "include_tags": true, "no_data_timeframe": null, "escalation_message":
      "", "renotify_statuses": ["no data"], "new_host_delay": 300, "silenced": {}},
      "multi": false, "restricted_roles": null, "priority": null}'
    headers:
      Accept:
      - '*/*'
      Accept-Encoding:
      - gzip, deflate
      Content-Type:
      - application/json
      traceparent:
      - 00-000000000000000030f1a54224822ea6-192a1c69ab034423-01
      tracestate:
      - dd=s:1;t.dm:-0
      x-datadog-parent-id:
      - '1813293040136307747'
      x-datadog-sampling-priority:
      - '1'
      x-datadog-tags:
      - _dd.p.dm=-0
      x-datadog-trace-id:
      - '3526781686706744998'
    method: PUT
    uri: https://api.datadoghq.eu/api/v1/monitor/12742269
  response:
    body:
      string: '{"id": 12742269, "org_id": 1000044987, "type": "query alert", "name":
        "Composite monitor - child 1updated", "message": "Composite monitor - child
        1", "tags": ["test:foo"], "query": "avg(last_5m):avg:dd.dialtone.historical.metrics{*}
        > 20", "options": {"thresholds": {"critical": 20.0, "warning": 10.0}, "notify_audit":
        false, "require_full_window": true, "notify_no_data": false, "renotify_interval":
        1440, "timeout_h": 0, "include_tags": true, "no_data_timeframe": null, "escalation_message":
        "", "renotify_statuses": ["no data"], "new_host_delay": 300, "silenced": {}},
        "multi": false, "created_at": 1692886183000, "created": "2023-08-24T14:09:43.676574+00:00",
        "modified": "2023-08-24T14:09:46.812419+00:00", "deleted": null, "restricted_roles":
        null, "priority": null, "overall_state_modified": null, "overall_state": "No
        Data"}'
    headers: {}
    status:
      code: 200
      message: OK
- request:
    body: '{"type": "service check", "name": "Host monitorupdated", "message": "Test
      host monitor", "tags": ["service:daimler-health-service"], "query": "\"datadog.agent.up\".over(\"*\").by(\"host\").last(2).count_by_status()",
      "options": {"thresholds": {"critical": 1, "warning": 1, "ok": 1}, "notify_audit":
      false, "notify_no_data": true, "no_data_timeframe": 2, "renotify_interval":
      0, "timeout_h": 0, "include_tags": true, "new_group_delay": 300, "silenced":
      {}}, "multi": true, "restricted_roles": null, "priority": null}'
    headers:
      Accept:
      - '*/*'
      Accept-Encoding:
      - gzip, deflate
      Content-Type:
      - application/json
      traceparent:
      - 00-00000000000000004c705fa396fcbb8a-2d1b8446b41aa975-01
      tracestate:
      - dd=s:1;t.dm:-0
      x-datadog-parent-id:
      - '3250336995282168181'
      x-datadog-sampling-priority:
      - '1'
      x-datadog-tags:
      - _dd.p.dm=-0
      x-datadog-trace-id:
      - '5508007500491570058'
    method: PUT
    uri: https://api.datadoghq.eu/api/v1/monitor/12742270
  response:
    body:
      string: '{"id": 12742270, "org_id": 1000044987, "type": "service check", "name":
        "Host monitorupdated", "message": "Test host monitor", "tags": ["service:daimler-health-service"],
        "query": "\"datadog.agent.up\".over(\"*\").by(\"host\").last(2).count_by_status()",
        "options": {"thresholds": {"critical": 1, "warning": 1, "ok": 1}, "notify_audit":
        false, "notify_no_data": true, "no_data_timeframe": 2, "renotify_interval":
        0, "timeout_h": 0, "include_tags": true, "new_group_delay": 300, "silenced":
        {}}, "multi": true, "created_at": 1692886184000, "created": "2023-08-24T14:09:44.124599+00:00",
        "modified": "2023-08-24T14:09:47.249362+00:00", "deleted": null, "restricted_roles":
        null, "priority": null, "overall_state_modified": null, "overall_state": "No
        Data"}'
    headers: {}
    status:
      code: 200
      message: OK
- request:
    body: '{"type": "query alert", "name": "Anomaly monitorupdated", "message": "Anomaly
      monitor", "tags": [], "query": "avg(last_4h):anomalies(avg:dd.dialtone.historical.metrics{*},
      ''basic'', 2, direction=''both'', alert_window=''last_15m'', interval=60, count_default_zero=''true'')
      >= 1", "options": {"notify_audit": false, "locked": false, "timeout_h": 0, "include_tags":
      true, "no_data_timeframe": null, "require_full_window": true, "new_host_delay":
      300, "notify_no_data": false, "renotify_interval": 0, "escalation_message":
      "", "threshold_windows": {"recovery_window": "last_15m", "trigger_window": "last_15m"},
      "thresholds": {"critical": 1.0, "critical_recovery": 0.0}, "silenced": {}},
      "multi": false, "restricted_roles": null, "priority": null}'
    headers:
      Accept:
      - '*/*'
      Accept-Encoding:
      - gzip, deflate
      Content-Type:
      - application/json
      traceparent:
      - 00-00000000000000005f38dd45badbb85e-94c0cf1e939566d6-01
      tracestate:
      - dd=s:1;t.dm:-0
      x-datadog-parent-id:
      - '10718794843373790934'
      x-datadog-sampling-priority:
      - '1'
      x-datadog-tags:
      - _dd.p.dm=-0
      x-datadog-trace-id:
      - '6861477323856394334'
    method: PUT
    uri: https://api.datadoghq.eu/api/v1/monitor/12742271
  response:
    body:
      string: '{"id": 12742271, "org_id": 1000044987, "type": "query alert", "name":
        "Anomaly monitorupdated", "message": "Anomaly monitor", "tags": [], "query":
        "avg(last_4h):anomalies(avg:dd.dialtone.historical.metrics{*}, ''basic'',
        2, direction=''both'', alert_window=''last_15m'', interval=60, count_default_zero=''true'')
        >= 1", "options": {"notify_audit": false, "locked": false, "timeout_h": 0,
        "include_tags": true, "no_data_timeframe": null, "require_full_window": true,
        "new_host_delay": 300, "notify_no_data": false, "renotify_interval": 0, "escalation_message":
        "", "threshold_windows": {"recovery_window": "last_15m", "trigger_window":
        "last_15m"}, "thresholds": {"critical": 1.0, "critical_recovery": 0.0}, "silenced":
        {}}, "multi": false, "created_at": 1692886184000, "created": "2023-08-24T14:09:44.518282+00:00",
        "modified": "2023-08-24T14:09:47.637229+00:00", "deleted": null, "restricted_roles":
        null, "priority": null, "overall_state_modified": null, "overall_state": "No
        Data"}'
    headers: {}
    status:
      code: 200
      message: OK
- request:
    body: '{"type": "metric alert", "name": "[Synthetic Private Locations] {{location_id.name}}
      stopped reportingupdated", "message": "Private location {{location_id.name}}
      stopped reporting to Datadog.", "tags": [], "query": "min(last_5m):avg:synthetics.pl.worker.running{*}
      by {location_id} < 1", "options": {"notify_audit": false, "locked": false, "include_tags":
      true, "thresholds": {"critical": 1.0}, "new_host_delay": 300, "notify_no_data":
      true, "silenced": {}}, "multi": true, "restricted_roles": null, "priority":
      null}'
    headers:
      Accept:
      - '*/*'
      Accept-Encoding:
      - gzip, deflate
      Content-Type:
      - application/json
      traceparent:
      - 00-0000000000000000217445db3bae8fc3-752e7ac66e7dc1d0-01
      tracestate:
      - dd=s:1;t.dm:-0
      x-datadog-parent-id:
      - '8443821344042107344'
      x-datadog-sampling-priority:
      - '1'
      x-datadog-tags:
      - _dd.p.dm=-0
      x-datadog-trace-id:
      - '2410628508451508163'
    method: PUT
    uri: https://api.datadoghq.eu/api/v1/monitor/12742272
  response:
    body:
      string: '{"id": 12742272, "org_id": 1000044987, "type": "metric alert", "name":
        "[Synthetic Private Locations] {{location_id.name}} stopped reportingupdated",
        "message": "Private location {{location_id.name}} stopped reporting to Datadog.",
        "tags": [], "query": "min(last_5m):avg:synthetics.pl.worker.running{*} by
        {location_id} < 1", "options": {"notify_audit": false, "locked": false, "include_tags":
        true, "thresholds": {"critical": 1.0}, "new_host_delay": 300, "notify_no_data":
        true, "silenced": {}}, "multi": true, "created_at": 1692886184000, "created":
        "2023-08-24T14:09:44.903060+00:00", "modified": "2023-08-24T14:09:48.063503+00:00",
        "deleted": null, "restricted_roles": null, "priority": null, "overall_state_modified":
        null, "overall_state": "No Data"}'
    headers: {}
    status:
      code: 200
      message: OK
- request:
    body: '{"type": "metric alert", "name": "[Synthetic Private Locations] {{location_id.name}}
      uses an outdated image versionupdated", "message": "Private location {{location_id.name}}
      is running an outdated image version. Learn more about the current version in
      use on your [Private locations page](https://app.datadoghq.com/synthetics/settings/private-locations?id={{location_id.name}})
      and upgrade workers to the most recent version of the image by pulling the `datadog/synthetics-private-location-worker`
      image with the `latest` tag.", "tags": [], "query": "max(last_15m):sum:synthetics.pl.worker.outdated{*}
      by {location_id} > 0", "options": {"notify_audit": false, "locked": false, "include_tags":
      true, "thresholds": {"critical": 0.0}, "new_host_delay": 300, "notify_no_data":
      false, "silenced": {}}, "multi": true, "restricted_roles": null, "priority":
      null}'
    headers:
      Accept:
      - '*/*'
      Accept-Encoding:
      - gzip, deflate
      Content-Type:
      - application/json
      traceparent:
      - 00-000000000000000065a3c2263a57fe20-920f5b7ec1387810-01
      tracestate:
      - dd=s:1;t.dm:-0
      x-datadog-parent-id:
      - '10524731454153848848'
      x-datadog-sampling-priority:
      - '1'
      x-datadog-tags:
      - _dd.p.dm=-0
      x-datadog-trace-id:
      - '7323910888477949472'
    method: PUT
    uri: https://api.datadoghq.eu/api/v1/monitor/12742273
  response:
    body:
      string: '{"id": 12742273, "org_id": 1000044987, "type": "metric alert", "name":
        "[Synthetic Private Locations] {{location_id.name}} uses an outdated image
        versionupdated", "message": "Private location {{location_id.name}} is running
        an outdated image version. Learn more about the current version in use on
        your [Private locations page](https://app.datadoghq.com/synthetics/settings/private-locations?id={{location_id.name}})
        and upgrade workers to the most recent version of the image by pulling the
        `datadog/synthetics-private-location-worker` image with the `latest` tag.",
        "tags": [], "query": "max(last_15m):sum:synthetics.pl.worker.outdated{*} by
        {location_id} > 0", "options": {"notify_audit": false, "locked": false, "include_tags":
        true, "thresholds": {"critical": 0.0}, "new_host_delay": 300, "notify_no_data":
        false, "silenced": {}}, "multi": true, "created_at": 1692886185000, "created":
        "2023-08-24T14:09:45.292476+00:00", "modified": "2023-08-24T14:09:48.390298+00:00",
        "deleted": null, "restricted_roles": null, "priority": null, "overall_state_modified":
        null, "overall_state": "No Data"}'
    headers: {}
    status:
      code: 200
      message: OK
- request:
    body: '{"type": "metric alert", "name": "[Synthetic Private Locations] {{location_id.name}}
      is underprovisionedupdated", "message": "Private location {{location_id.name}}
      is underprovisioned.\nVisit this [documentation page](https://docs.datadoghq.com/synthetics/private_locations/?tab=docker#dimension-your-private-location)
      to learn how to scale your private location.", "tags": [], "query": "avg(last_30m):avg:synthetics.pl.worker.remaining_slots{*}
      by {location_id} < 1.5", "options": {"notify_audit": false, "locked": false,
      "include_tags": true, "thresholds": {"critical": 1.5}, "new_host_delay": 300,
      "notify_no_data": false, "silenced": {}}, "multi": true, "restricted_roles":
      null, "priority": null}'
    headers:
      Accept:
      - '*/*'
      Accept-Encoding:
      - gzip, deflate
      Content-Type:
      - application/json
      traceparent:
      - 00-0000000000000000bf6a915f9f7240a1-170f7bb67f7ece83-01
      tracestate:
      - dd=s:1;t.dm:-0
      x-datadog-parent-id:
      - '1661682811276283523'
      x-datadog-sampling-priority:
      - '1'
      x-datadog-tags:
      - _dd.p.dm=-0
      x-datadog-trace-id:
      - '13792996648658550945'
    method: PUT
    uri: https://api.datadoghq.eu/api/v1/monitor/12742274
  response:
    body:
      string: '{"id": 12742274, "org_id": 1000044987, "type": "metric alert", "name":
        "[Synthetic Private Locations] {{location_id.name}} is underprovisionedupdated",
        "message": "Private location {{location_id.name}} is underprovisioned.\nVisit
        this [documentation page](https://docs.datadoghq.com/synthetics/private_locations/?tab=docker#dimension-your-private-location)
        to learn how to scale your private location.", "tags": [], "query": "avg(last_30m):avg:synthetics.pl.worker.remaining_slots{*}
        by {location_id} < 1.5", "options": {"notify_audit": false, "locked": false,
        "include_tags": true, "thresholds": {"critical": 1.5}, "new_host_delay": 300,
        "notify_no_data": false, "silenced": {}}, "multi": true, "created_at": 1692886185000,
        "created": "2023-08-24T14:09:45.594328+00:00", "modified": "2023-08-24T14:09:48.743685+00:00",
        "deleted": null, "restricted_roles": null, "priority": null, "overall_state_modified":
        null, "overall_state": "No Data"}'
    headers: {}
    status:
      code: 200
      message: OK
- request:
    body: '{"type": "event-v2 alert", "name": "Test event monitorupdated", "message":
      "Test event monitor", "tags": [], "query": "events(\"\").rollup(\"count\").last(\"5m\")
      > 100", "options": {"notify_audit": false, "locked": false, "timeout_h": 0,
      "include_tags": true, "restriction_query": null, "new_host_delay": 300, "notify_no_data":
      false, "renotify_interval": 0, "groupby_simple_monitor": true, "enable_logs_sample":
      false, "escalation_message": "", "thresholds": {"critical": 100.0}, "silenced":
      {}}, "multi": false, "restricted_roles": null, "priority": null}'
    headers:
      Accept:
      - '*/*'
      Accept-Encoding:
      - gzip, deflate
      Content-Type:
      - application/json
      traceparent:
      - 00-0000000000000000c2f41ac693b66344-a5f68315166c3a5e-01
      tracestate:
      - dd=s:1;t.dm:-0
      x-datadog-parent-id:
      - '11958889987122674270'
      x-datadog-sampling-priority:
      - '1'
      x-datadog-tags:
      - _dd.p.dm=-0
      x-datadog-trace-id:
      - '14047882577859470148'
    method: PUT
    uri: https://api.datadoghq.eu/api/v1/monitor/12742275
  response:
    body:
      string: '{"id": 12742275, "org_id": 1000044987, "type": "event-v2 alert", "name":
        "Test event monitorupdated", "message": "Test event monitor", "tags": [],
        "query": "events(\"\").rollup(\"count\").last(\"5m\") > 100", "options": {"notify_audit":
        false, "locked": false, "timeout_h": 0, "include_tags": true, "restriction_query":
        null, "new_host_delay": 300, "notify_no_data": false, "renotify_interval":
        0, "groupby_simple_monitor": true, "enable_logs_sample": false, "escalation_message":
        "", "thresholds": {"critical": 100.0}, "silenced": {}}, "multi": false, "created_at":
        1692886185000, "created": "2023-08-24T14:09:45.906448+00:00", "modified":
        "2023-08-24T14:09:49.147474+00:00", "deleted": null, "restricted_roles": null,
        "priority": null, "overall_state_modified": null, "overall_state": "No Data"}'
    headers: {}
    status:
      code: 200
      message: OK
version: 1
