interactions:
- request:
    body: null
    headers:
      Content-Type:
      - application/json
    method: GET
    uri: https://api.datadoghq.eu/api/v2/hamr
  response:
    body:
      string: '{"data":{"id":"deadbeef-dead-beef-dead-beefdeadbeef","type":"hamr_org_connections","attributes":{"HamrStatus":5,"IsPrimary":false,"ModifiedAt":"2024-06-18 16:30:26.895822","ModifiedBy":"","TargetOrgDatacenter":"us1.prod.dog","TargetOrgName":"Test","TargetOrgUuid":"facefeed-face-feed-face-feedfacefeed"}}}'
    headers:
      Content-Type:
      - application/json
    status:
      code: 200
      message: OK
- request:
    body: null
    headers:
      Content-Type:
      - application/json
    method: GET
    uri: https://api.datadoghq.com/api/v2/hamr
  response:
    body:
      string: '{"data":{"id":"deadbeef-dead-beef-dead-beefdeadbeef","type":"hamr_org_connections","attributes":{"HamrStatus":5,"IsPrimary":false,"ModifiedAt":"2024-06-18 16:30:26.895822","ModifiedBy":"","TargetOrgDatacenter":"us1.prod.dog","TargetOrgName":"Test","TargetOrgUuid":"facefeed-face-feed-face-feedfacefeed"}}}'
    headers:
      Content-Type:
      - application/json
    status:
      code: 200
      message: OK
- request:
    body: null
    headers:
      Accept:
      - '*/*'
      Accept-Encoding:
      - gzip, deflate
      Content-Type:
      - application/json
    method: DELETE
    uri: https://api.datadoghq.eu/api/v1/monitor/15199437?force=true
  response:
    body:
      string: '{"deleted_monitor_id": 15199437}'
    headers: {}
    status:
      code: 200
      message: OK
- request:
    body: null
    headers:
      Accept:
      - '*/*'
      Accept-Encoding:
      - gzip, deflate
      Content-Type:
      - application/json
    method: DELETE
    uri: https://api.datadoghq.eu/api/v1/monitor/15199435?force=true
  response:
    body:
      string: '{"deleted_monitor_id": 15199435}'
    headers: {}
    status:
      code: 200
      message: OK
- request:
    body: null
    headers:
      Accept:
      - '*/*'
      Accept-Encoding:
      - gzip, deflate
      Content-Type:
      - application/json
    method: DELETE
    uri: https://api.datadoghq.eu/api/v1/monitor/15199439?force=true
  response:
    body:
      string: '{"deleted_monitor_id": 15199439}'
    headers: {}
    status:
      code: 200
      message: OK
- request:
    body: null
    headers:
      Accept:
      - '*/*'
      Accept-Encoding:
      - gzip, deflate
      Content-Type:
      - application/json
    method: DELETE
    uri: https://api.datadoghq.eu/api/v1/monitor/15199447?force=true
  response:
    body:
      string: '{"deleted_monitor_id": 15199447}'
    headers: {}
    status:
      code: 200
      message: OK
- request:
    body: null
    headers:
      Accept:
      - '*/*'
      Accept-Encoding:
      - gzip, deflate
      Content-Type:
      - application/json
    method: DELETE
    uri: https://api.datadoghq.eu/api/v1/monitor/15199438?force=true
  response:
    body:
      string: '{"deleted_monitor_id": 15199438}'
    headers: {}
    status:
      code: 200
      message: OK
- request:
    body: null
    headers:
      Accept:
      - '*/*'
      Accept-Encoding:
      - gzip, deflate
      Content-Type:
      - application/json
    method: DELETE
    uri: https://api.datadoghq.eu/api/v1/monitor/15199436?force=true
  response:
    body:
      string: '{"deleted_monitor_id": 15199436}'
    headers: {}
    status:
      code: 200
      message: OK
- request:
    body: null
    headers:
      Accept:
      - '*/*'
      Accept-Encoding:
      - gzip, deflate
      Content-Type:
      - application/json
    method: DELETE
    uri: https://api.datadoghq.eu/api/v1/monitor/15199434?force=true
  response:
    body:
      string: '{"deleted_monitor_id": 15199434}'
    headers: {}
    status:
      code: 200
      message: OK
- request:
    body: null
    headers:
      Accept:
      - '*/*'
      Accept-Encoding:
      - gzip, deflate
      Content-Type:
      - application/json
    method: DELETE
    uri: https://api.datadoghq.eu/api/v1/monitor/15199433?force=true
  response:
    body:
      string: '{"deleted_monitor_id": 15199433}'
    headers: {}
    status:
      code: 200
      message: OK
- request:
    body: null
    headers:
      Accept:
      - '*/*'
      Accept-Encoding:
      - gzip, deflate
      Content-Type:
      - application/json
    method: DELETE
    uri: https://api.datadoghq.eu/api/v1/monitor/15199442?force=true
  response:
    body:
      string: '{"deleted_monitor_id": 15199442}'
    headers: {}
    status:
      code: 200
      message: OK
version: 1
